// Jest Snapshot v1, https://goo.gl/fbAQLP

exports[`self-monitor component When the self-monitor project has not been created default state to match the default snapshot 1`] = `
<section
  class="settings no-animate js-self-monitoring-settings"
>
  <div
    class="settings-header"
  >
    <h4
      class="js-section-header settings-title js-settings-toggle js-settings-toggle-trigger-only"
    >
      
      Self-monitoring
    
    </h4>
     
    <gl-button-stub
      buttontextclasses=""
      category="primary"
      class="js-settings-toggle"
      icon=""
      size="medium"
      variant="default"
    >
      Expand
    </gl-button-stub>
     
    <p
      class="js-section-sub-header"
    >
      
      Activate or deactivate instance self-monitoring.
      
      <gl-link-stub
        href="/help/administration/monitoring/gitlab_self_monitoring_project/index"
      >
        Learn more.
      </gl-link-stub>
    </p>
  </div>
   
  <gl-alert-stub
    class="gl-mb-3"
    dismissible="true"
    dismisslabel="Dismiss"
    primarybuttonlink=""
    primarybuttontext=""
    secondarybuttonlink=""
    secondarybuttontext=""
    showicon="true"
    title="Deprecation notice"
    variant="danger"
  >
    <div>
      Self-monitoring was 
      <a
        href="/help/update/deprecations.md#gitlab-self-monitoring-project"
      >
        deprecated
      </a>
       in GitLab 14.9, and is 
      <a
        href="https://gitlab.com/gitlab-org/gitlab/-/issues/348909"
      >
        scheduled for removal
      </a>
       in GitLab 16.0. For information on a possible replacement, 
      <a
        href="https://gitlab.com/groups/gitlab-org/-/epics/6976"
      >
        learn more about Opstrace
      </a>
      .
    </div>
  </gl-alert-stub>
   
  <div
    class="settings-content"
  >
    <form
      name="self-monitoring-form"
    >
      <p>
        Activate self-monitoring to create a project to use to monitor the health of your instance.
      </p>
       
      <gl-form-group-stub
        labeldescription=""
        optionaltext="(optional)"
      >
        <gl-toggle-stub
          label="Self-monitoring"
          labelposition="top"
        />
      </gl-form-group-stub>
    </form>
  </div>
   
  <gl-modal-stub
    arialabel=""
    cancel-title="Cancel"
    category="primary"
    dismisslabel="Close"
    modalclass=""
    modalid="delete-self-monitor-modal"
    ok-title="Delete self-monitoring project"
    ok-variant="danger"
    size="md"
    title="Deactivate self-monitoring?"
    titletag="h4"
  >
    <div>
      
      Deactivating self-monitoring deletes the self-monitoring project. Are you sure you want to deactivate self-monitoring and delete the project?
    
    </div>
  </gl-modal-stub>
</section>
`;
