// Jest Snapshot v1, https://goo.gl/fbAQLP

exports[`~/lib/logger/hello logHello console logs a friendly hello message 1`] = `
Array [
  Array [
    "%cWelcome to GitLab!%c

Does this page need fixes or improvements? Open an issue or contribute a merge request to help make GitLab more lovable. At GitLab, everyone can contribute!

ü§ù Contribute to GitLab: https://about.gitlab.com/community/contribute/
üîé Create a new GitLab issue: https://gitlab.com/gitlab-org/gitlab/-/issues/new",
    "padding-top: 0.5em; font-size: 2em;",
    "padding-bottom: 0.5em;",
  ],
]
`;
