// Jest Snapshot v1, https://goo.gl/fbAQLP

exports[`Saved replies list item component renders list item 1`] = `
<li
  class="gl-mb-5"
>
  <div
    class="gl-display-flex gl-align-items-center"
  >
    <strong>
      test
    </strong>
     
    <div
      class="gl-ml-auto"
    >
      <gl-button-stub
        aria-label="Delete"
        buttontextclasses=""
        category="secondary"
        data-testid="saved-reply-delete-btn"
        icon="remove"
        size="medium"
        title="Delete"
        variant="danger"
      />
    </div>
  </div>
   
  <div
    class="gl-mt-3 gl-font-monospace"
  >
    /assign_reviewer
  </div>
   
  <gl-modal-stub
    actionprimary="[object Object]"
    actionsecondary="[object Object]"
    arialabel=""
    dismisslabel="Close"
    modalclass=""
    modalid="delete-saved-reply-2"
    size="sm"
    title="Delete saved reply"
    titletag="h4"
  >
    <gl-sprintf-stub
      message="Are you sure you want to delete %{name}? This action cannot be undone."
    />
  </gl-modal-stub>
</li>
`;
