// Jest Snapshot v1, https://goo.gl/fbAQLP

exports[`MergeRequestTable component matches the snapshot 1`] = `
<div
  class="mr-table"
>
  <div
    class="card"
  >
    <div
      class="border-bottom-0 card-header"
    >
      <div
        class="d-flex gl-responsive-table-row py-0 table-row-header"
        role="row"
      >
        <div
          class="d-md-flex d-none section-50 table-section"
          role="rowheader"
        >
          Title
        </div>
        <div
          class="section-50 table-section"
          role="rowheader"
        >
          <div
            class="d-flex"
          >
            <span
              class="d-md-flex d-none metric-col"
            >
              Time to merge
            </span>
            <gl-dropdown-stub
              category="primary"
              class="metric-col w-100"
              clearalltext="Clear all"
              clearalltextclass="gl-px-5"
              headertext=""
              hideheaderborder="true"
              highlighteditemstitle="Selected"
              highlighteditemstitleclass="gl-px-5"
              menu-class="w-100 mw-100"
              size="medium"
              splithref=""
              text="Time from first comment to last commit"
              toggleclass="dropdown-menu-toggle w-100"
              variant="default"
            >
              <gl-dropdown-item-stub
                active-class="is-active"
                avatarurl=""
                class="w-100"
                iconcolor=""
                iconname=""
                iconrightarialabel=""
                iconrightname=""
                secondarytext=""
              >
                <span
                  class="d-flex"
                >
                  <gl-icon-stub
                    class="flex-shrink-0 gl-mr-2 invisible"
                    name="mobile-issue-close"
                    size="16"
                  />
                  Time from first commit until first comment
                </span>
              </gl-dropdown-item-stub>
              <gl-dropdown-item-stub
                active-class="is-active"
                avatarurl=""
                class="w-100"
                iconcolor=""
                iconname=""
                iconrightarialabel=""
                iconrightname=""
                secondarytext=""
              >
                <span
                  class="d-flex"
                >
                  <gl-icon-stub
                    class="flex-shrink-0 gl-mr-2"
                    name="mobile-issue-close"
                    size="16"
                  />
                  Time from first comment to last commit
                </span>
              </gl-dropdown-item-stub>
              <gl-dropdown-item-stub
                active-class="is-active"
                avatarurl=""
                class="w-100"
                iconcolor=""
                iconname=""
                iconrightarialabel=""
                iconrightname=""
                secondarytext=""
              >
                <span
                  class="d-flex"
                >
                  <gl-icon-stub
                    class="flex-shrink-0 gl-mr-2 invisible"
                    name="mobile-issue-close"
                    size="16"
                  />
                  Time from last commit to merge
                </span>
              </gl-dropdown-item-stub>
            </gl-dropdown-stub>
          </div>
        </div>
      </div>
    </div>
    <div
      class="card-body py-0"
    >
      <merge-request-table-row-stub
        mergerequest="[object Object]"
        metriclabel="Time from first comment to last commit"
        metrictype="time_to_last_commit"
      />
      <merge-request-table-row-stub
        mergerequest="[object Object]"
        metriclabel="Time from first comment to last commit"
        metrictype="time_to_last_commit"
      />
    </div>
  </div>
</div>
`;
