// Jest Snapshot v1, https://goo.gl/fbAQLP

exports[`DurationChart with the overiew stage selected renders the duration chart 1`] = `
<div
  class="gl-display-flex gl-flex-direction-column"
  data-testid="vsa-duration-chart"
>
  <h4
    class="gl-mt-0"
  >
    
    Total timeÂ 
    <gl-icon-stub
      name="information-o"
      size="16"
      title="The total time items spent across each value stream stage. Data limited to items completed within this date range."
    />
  </h4>
   
  <scatterplot-stub
    medianlinedata="2019-01-01,17,2019-01-01,2019-01-02,40,2019-01-02"
    medianlineoptions="[object Object]"
    scatterdata="2019-01-01,17,2019-01-01,2019-01-02,40,2019-01-02"
    tooltipdateformat="mmm d, yyyy"
    xaxistitle="Date"
    yaxistitle="Average time to completion"
  />
</div>
`;
