// Jest Snapshot v1, https://goo.gl/fbAQLP

exports[`Project compliance framework empty state matches the snapshot when "addFrameworkPath" is a string path 1`] = `
<section
  class="gl-display-flex gl-flex-direction-row"
>
  <div
    class="gl-display-none gl-px-4 gl-sm-display-block"
  >
    <div>
      <img
        alt=""
        class="gl-dark-invert-keep-hue gl-max-w-full"
        height="100"
        role="img"
        src="/image.svg"
      />
    </div>
  </div>
  <div
    class="gl-flex-basis-0 gl-flex-grow-1 gl-px-4"
    data-testid="gl-empty-state-content"
  >
    <div
      class="gl-mx-auto gl-my-0"
    >
      <h5
        class="gl-mt-0"
      >
        No compliance frameworks are set up yet
      </h5>
      <p
        class="gl-mb-0 gl-mt-4"
      >
        Add a framework to
        <gl-link-stub
          href="/group-path"
        >
          group-name
        </gl-link-stub>
        and it will appear here.
      </p>
      <div
        class="gl-display-flex gl-flex-wrap gl-mt-5"
      >
        <gl-button-stub
          buttontextclasses=""
          category="primary"
          class="gl-mb-3 gl-mr-3"
          href="/edit-group"
          icon=""
          size="medium"
          variant="confirm"
        >
          Add framework in group-name
        </gl-button-stub>
      </div>
    </div>
  </div>
</section>
`;

exports[`Project compliance framework empty state matches the snapshot when "addFrameworkPath" is undefined 1`] = `
<section
  class="gl-display-flex gl-flex-direction-row"
>
  <div
    class="gl-display-none gl-px-4 gl-sm-display-block"
  >
    <div>
      <img
        alt=""
        class="gl-dark-invert-keep-hue gl-max-w-full"
        height="100"
        role="img"
        src="/image.svg"
      />
    </div>
  </div>
  <div
    class="gl-flex-basis-0 gl-flex-grow-1 gl-px-4"
    data-testid="gl-empty-state-content"
  >
    <div
      class="gl-mx-auto gl-my-0"
    >
      <h5
        class="gl-mt-0"
      >
        No compliance frameworks are set up yet
      </h5>
      <p
        class="gl-mb-0 gl-mt-4"
      >
        After a framework is added to
        <gl-link-stub
          href="/group-path"
        >
          group-name
        </gl-link-stub>
        , it will appear here.
      </p>
      <div
        class="gl-display-flex gl-flex-wrap gl-mt-5"
      />
    </div>
  </div>
</section>
`;
