// Jest Snapshot v1, https://goo.gl/fbAQLP

exports[`Design note component default should match the snapshot 1`] = `
<timelineentryitem-stub
  class="design-note note-form"
  id="note_123"
>
  <glavatarlink-stub
    class="gl-float-left gl-mr-3 link-inherit-color js-user-link"
    data-user-id="1"
    data-username="foo-bar"
    href="https://gitlab.com/user"
  >
    <glavatar-stub
      alt="avatar"
      entityid="0"
      entityname="foo-bar"
      shape="circle"
      size="32"
      src="https://gitlab.com/avatar"
    />
  </glavatarlink-stub>
   
  <div
    class="gl-display-flex gl-justify-content-space-between"
  >
    <div>
      <gllink-stub
        class="js-user-link link-inherit-color"
        data-testid="user-link"
        data-user-id="1"
        data-username="foo-bar"
        href="https://gitlab.com/user"
      >
        <span
          class="note-header-author-name gl-font-weight-bold"
        >
          
        </span>
         
        <!---->
         
        <span
          class="note-headline-light"
        >
          @foo-bar
        </span>
      </gllink-stub>
       
      <span
        class="note-headline-light note-headline-meta"
      >
        <span
          class="system-note-message"
        />
         
        <gllink-stub
          class="note-timestamp system-note-separator gl-display-block gl-mb-2 gl-font-sm link-inherit-color"
          href="#note_123"
        >
          <timeagotooltip-stub
            cssclass=""
            datetimeformat="DATE_WITH_TIME_FORMAT"
            time="2019-07-26T15:02:20Z"
            tooltipplacement="bottom"
          />
        </gllink-stub>
      </span>
    </div>
     
    <div
      class="gl-display-flex gl-align-items-flex-start gl-mt-n2 gl-mr-n2"
    >
       
      <div
        class="emoji-picker"
        data-testid="note-emoji-button"
      >
        <div
          boundary="viewport"
          class="dropdown b-dropdown gl-dropdown position-static btn-group"
          id="__BVID__15"
          lazy=""
          menu-class="dropdown-extended-height"
          no-flip=""
        >
          <!---->
          <button
            aria-expanded="false"
            aria-haspopup="menu"
            class="btn dropdown-toggle btn-default btn-md note-action-button note-emoji-button btn-icon btn-default-tertiary gl-button gl-dropdown-toggle btn-default-secondary"
            id="__BVID__15__BV_toggle_"
            type="button"
          >
            <svg
              aria-hidden="true"
              class="award-control-icon-neutral gl-button-icon gl-icon gl-icon s16"
              data-testid="slight-smile-icon"
              role="img"
            >
              <use
                href="file-mock#slight-smile"
              />
            </svg>
             
            <svg
              aria-hidden="true"
              class="award-control-icon-positive gl-button-icon gl-icon gl-left-3! gl-icon s16"
              data-testid="smiley-icon"
              role="img"
            >
              <use
                href="file-mock#smiley"
              />
            </svg>
             
            <svg
              aria-hidden="true"
              class="award-control-icon-super-positive gl-button-icon gl-icon gl-left-3! gl-icon s16"
              data-testid="smile-icon"
              role="img"
            >
              <use
                href="file-mock#smile"
              />
            </svg>
          </button>
          <ul
            aria-labelledby="__BVID__15__BV_toggle_"
            class="dropdown-menu dropdown-extended-height"
            role="menu"
            tabindex="-1"
          >
            <!---->
          </ul>
        </div>
      </div>
       
      <!---->
       
      <!---->
    </div>
  </div>
   
  <div
    class="note-text md"
    data-qa-selector="note_content"
    data-testid="note-text"
  />
    
  <div
    class="awards js-awards-block gl-px-2 gl-mt-5"
  >
    <button
      class="btn gl-mr-3 gl-my-2 btn-default btn-md gl-button selected"
      data-emoji-name="briefcase"
      data-testid="award-button"
      title="You reacted with :briefcase:"
      type="button"
    >
      <!---->
       
      <!---->
       
      <span
        class="award-emoji-block"
        data-testid="award-html"
      >
        <gl-emoji
          data-name="briefcase"
        />
      </span>
       
      <span
        class="gl-button-text"
      >
         
        <span
          class="js-counter"
        >
          1
        </span>
      </span>
    </button>
    <button
      class="btn gl-mr-3 gl-my-2 btn-default btn-md gl-button selected"
      data-emoji-name="baseball"
      data-testid="award-button"
      title="You reacted with :baseball:"
      type="button"
    >
      <!---->
       
      <!---->
       
      <span
        class="award-emoji-block"
        data-testid="award-html"
      >
        <gl-emoji
          data-name="baseball"
        />
      </span>
       
      <span
        class="gl-button-text"
      >
         
        <span
          class="js-counter"
        >
          1
        </span>
      </span>
    </button>
     
    <div
      class="award-menu-holder gl-my-2"
    >
      <div
        class="emoji-picker"
        data-testid="emoji-picker"
        title="Add reaction"
      >
        <div
          boundary="scrollParent"
          class="dropdown b-dropdown gl-dropdown btn-group"
          id="__BVID__25"
          lazy=""
          menu-class="dropdown-extended-height"
          no-flip=""
        >
          <!---->
          <button
            aria-expanded="false"
            aria-haspopup="menu"
            class="btn dropdown-toggle btn-default btn-md add-reaction-button btn-icon gl-relative! gl-button gl-dropdown-toggle btn-default-secondary"
            id="__BVID__25__BV_toggle_"
            type="button"
          >
            <span
              class="gl-sr-only"
            >
              Add reaction
            </span>
             
            <span
              class="reaction-control-icon reaction-control-icon-neutral"
            >
              <svg
                aria-hidden="true"
                class="gl-icon s16"
                data-testid="slight-smile-icon"
                role="img"
              >
                <use
                  href="file-mock#slight-smile"
                />
              </svg>
            </span>
             
            <span
              class="reaction-control-icon reaction-control-icon-positive"
            >
              <svg
                aria-hidden="true"
                class="gl-icon s16"
                data-testid="smiley-icon"
                role="img"
              >
                <use
                  href="file-mock#smiley"
                />
              </svg>
            </span>
             
            <span
              class="reaction-control-icon reaction-control-icon-super-positive"
            >
              <svg
                aria-hidden="true"
                class="gl-icon s16"
                data-testid="smile-icon"
                role="img"
              >
                <use
                  href="file-mock#smile"
                />
              </svg>
            </span>
          </button>
          <ul
            aria-labelledby="__BVID__25__BV_toggle_"
            class="dropdown-menu dropdown-extended-height"
            role="menu"
            tabindex="-1"
          >
            <!---->
          </ul>
        </div>
      </div>
    </div>
  </div>
   
  <!---->
</timelineentryitem-stub>
`;
