// Jest Snapshot v1, https://goo.gl/fbAQLP

exports[`StreamEmptyState should render correctly 1`] = `
<section
  class="gl-display-flex gl-mt-5 empty-state gl-text-center gl-flex-direction-column"
>
  <div
    class="gl-max-w-full"
  >
    <div
      class="svg-250 svg-content"
    >
      <img
        alt=""
        class="gl-max-w-full gl-dark-invert-keep-hue"
        height="72"
        role="img"
        src="mock/path"
      />
    </div>
  </div>
   
  <div
    class="gl-max-w-full gl-m-auto"
    data-testid="gl-empty-state-content"
  >
    <div
      class="gl-mx-auto gl-my-0 gl-p-5"
    >
      <h3
        class="h4 gl-font-size-h-display gl-line-height-36 gl-mt-n3"
      >
        
      Setup streaming for audit events
    
      </h3>
       
      <p
        class="gl-mt-3"
      >
        <p>
          Add an HTTP endpoint to manage audit logs in third-party systems.
        </p>
         
        <p>
          This is great for keeping everything one place.
        </p>
      </p>
       
      <div
        class="gl-display-flex gl-flex-wrap gl-justify-content-center"
      >
        <div
          class="gl-new-dropdown gl-disclosure-dropdown"
          data-testid="dropdown-toggle"
        >
          <button
            aria-controls="base-dropdown-14"
            aria-labelledby="dropdown-toggle-btn-10"
            class="btn btn-confirm btn-md gl-button gl-new-dropdown-toggle"
            data-testid="base-dropdown-toggle"
            id="dropdown-toggle-btn-10"
            type="button"
          >
            <!---->
             
            <!---->
              
            <span
              class="gl-button-text"
            >
              <span
                class="gl-new-dropdown-button-text"
              >
                
        Add streaming destination
      
              </span>
               
              <svg
                aria-hidden="true"
                class="gl-button-icon gl-new-dropdown-chevron gl-icon s16"
                data-testid="chevron-down-icon"
                role="img"
              >
                <use
                  href="file-mock#chevron-down"
                />
              </svg>
            </span>
          </button>
           
          <div
            class="gl-new-dropdown-panel gl-w-31!"
            data-testid="base-dropdown-menu"
            id="base-dropdown-14"
          >
            <div
              class="gl-new-dropdown-inner"
            >
                
              <ul
                aria-labelledby="dropdown-toggle-btn-10"
                class="gl-new-dropdown-contents"
                data-testid="disclosure-content"
                id="disclosure-11"
                tabindex="-1"
              >
                <li
                  class="gl-new-dropdown-item"
                  data-testid="disclosure-dropdown-item"
                  tabindex="0"
                >
                  <button
                    class="gl-new-dropdown-item-content"
                    tabindex="-1"
                    type="button"
                  >
                    <span
                      class="gl-new-dropdown-item-text-wrapper"
                    >
                      
          HTTP endpoint
        
                    </span>
                  </button>
                </li>
                <li
                  class="gl-new-dropdown-item"
                  data-testid="disclosure-dropdown-item"
                  tabindex="0"
                >
                  <button
                    class="gl-new-dropdown-item-content"
                    tabindex="-1"
                    type="button"
                  >
                    <span
                      class="gl-new-dropdown-item-text-wrapper"
                    >
                      
          Google Cloud Logging
        
                    </span>
                  </button>
                </li>
              </ul>
               
            </div>
          </div>
        </div>
      </div>
    </div>
  </div>
</section>
`;
