// Jest Snapshot v1, https://goo.gl/fbAQLP

exports[`StreamDestinationEditor when initialized should render correctly 1`] = `
<div
  class="gl-p-4 gl-bg-white gl-border gl-rounded-base"
>
  <div
    class="gl-mb-5 gl-alert gl-alert-not-dismissible gl-alert-warning"
  >
    <svg
      aria-hidden="true"
      class="gl-icon s16 gl-alert-icon"
      data-testid="warning-icon"
      role="img"
    >
      <use
        href="#warning"
      />
    </svg>
     
    <div
      class="gl-alert-content"
      role="alert"
    >
      <h2
        class="gl-alert-title"
      >
        Destinations receive all audit event data
      </h2>
       
      <div
        class="gl-alert-body"
      >
        
    This could include sensitive information. Make sure you trust the destination endpoint.
  
      </div>
       
      <!---->
    </div>
     
    <!---->
  </div>
   
  <form
    class=""
  >
    <fieldset
      aria-describedby=""
      class="form-group gl-form-group"
      id="__BVID__8"
    >
      <legend
        class="bv-no-focus-ring col-form-label pt-0 col-form-label"
        id="__BVID__8__BV_label_"
        tabindex="-1"
      >
        
      Destination URL
      
        <!---->
         
        <!---->
      </legend>
      <div
        aria-labelledby="__BVID__8__BV_label_"
        class="bv-no-focus-ring"
        role="group"
        tabindex="-1"
      >
        <input
          class="gl-form-input form-control"
          id="__BVID__10"
          placeholder="https://api.gitlab.com"
          type="text"
        />
        <!---->
        <!---->
        <!---->
      </div>
    </fieldset>
     
    <div
      class="gl-display-flex"
    >
      <button
        class="btn gl-mr-3 btn-info btn-md disabled gl-button"
        data-testid="stream-destination-add-button"
        disabled="disabled"
        name="Add external stream destination"
        type="submit"
      >
        <!---->
         
        <!---->
          
        <span
          class="gl-button-text"
        >
          Add
        </span>
      </button>
       
      <button
        class="btn btn-default btn-md gl-button"
        data-testid="stream-destination-cancel-button"
        name="AuditStreams|Cancel editing"
        type="button"
      >
        <!---->
         
        <!---->
          
        <span
          class="gl-button-text"
        >
          Cancel
        </span>
      </button>
    </div>
  </form>
</div>
`;
