// Jest Snapshot v1, https://goo.gl/fbAQLP

exports[`CommandAutocompleteItem should render user item 1`] = `
<div
  class="gl-display-flex gl-align-items-center"
>
  <gl-icon-stub
    class="gl-mr-3"
    name="users"
    size="16"
  />
   
  <span
    class="gl-text-gray-900"
  >
    Manage &gt; Activity
  </span>
</div>
`;
