// Jest Snapshot v1, https://goo.gl/fbAQLP

exports[`Corpus table corpus management renders with the correct columns 1`] = `
<tr
  role="row"
>
  <th
    aria-colindex="1"
    class="gl-w-40p"
    role="columnheader"
    scope="col"
  >
    <div
      class="gl-align-items-center gl-display-flex"
    >
      Corpus name
    </div>
  </th>
  <th
    aria-colindex="2"
    class="gl-w-20p"
    role="columnheader"
    scope="col"
  >
    <div
      class="gl-align-items-center gl-display-flex"
    >
      Target
    </div>
  </th>
  <th
    aria-colindex="3"
    class="gl-w-15p"
    role="columnheader"
    scope="col"
  >
    <div
      class="gl-align-items-center gl-display-flex"
    >
      Last updated
    </div>
  </th>
  <th
    aria-colindex="4"
    class="gl-w-15p"
    role="columnheader"
    scope="col"
  >
    <div
      class="gl-align-items-center gl-display-flex"
    >
      Last used
    </div>
  </th>
  <th
    aria-colindex="5"
    class="gl-w-10p"
    role="columnheader"
    scope="col"
  >
    <div
      class="gl-align-items-center gl-display-flex"
    >
      Actions
    </div>
  </th>
</tr>
`;
