// Jest Snapshot v1, https://goo.gl/fbAQLP

exports[`ee/dora/components/util.js lead time data returns the correct lead time chart data after all processing of the API response 1`] = `
Array [
  Object {
    "areaStyle": Object {
      "color": "none",
    },
    "data": Array [
      Array [
        "Jun 27, 2015",
        86400,
      ],
      Array [
        "Jun 28, 2015",
        86400,
      ],
      Array [
        "Jun 29, 2015",
        86400,
      ],
      Array [
        "Jun 30, 2015",
        86400,
      ],
      Array [
        "Jul 01, 2015",
        432000,
      ],
      Array [
        "Jul 02, 2015",
        518400,
      ],
      Array [
        "Jul 03, 2015",
        604800,
      ],
    ],
    "itemStyle": Object {
      "color": "#a4a3a8",
    },
    "lineStyle": Object {
      "color": "#a4a3a8",
      "type": "dashed",
    },
    "name": "No data available",
    "showSymbol": false,
  },
  Object {
    "areaStyle": Object {
      "opacity": 0,
    },
    "data": Array [
      Array [
        "Jun 27, 2015",
        null,
      ],
      Array [
        "Jun 28, 2015",
        null,
      ],
      Array [
        "Jun 29, 2015",
        null,
      ],
      Array [
        "Jun 30, 2015",
        86400,
      ],
      Array [
        "Jul 01, 2015",
        432000,
      ],
      Array [
        "Jul 02, 2015",
        null,
      ],
      Array [
        "Jul 03, 2015",
        604800,
      ],
    ],
    "itemStyle": Object {
      "color": "#617ae2",
    },
    "lineStyle": Object {
      "color": "#617ae2",
    },
    "name": "Lead time",
    "showAllSymbol": true,
    "showSymbol": true,
    "symbolSize": 8,
  },
]
`;
