// Jest Snapshot v1, https://goo.gl/fbAQLP

exports[`PolicyActionPicker component renders policy action picker 1`] = `
<div
  class="gl-bg-gray-10 gl-px-5 gl-pt-5"
>
  <gl-form-stub
    inline=""
  >
    <gl-sprintf-stub
      message="%{labelStart}Then%{labelEnd} %{action} %{spanStart}the network traffic.%{spanEnd}"
    />
  </gl-form-stub>
</div>
`;
